../Drivers/CMSIS/Include/core_cm4.h:1684:22:__NVIC_EnableIRQ	16	static,ignoring_inline_asm
../Drivers/CMSIS/Include/core_cm4.h:1814:22:__NVIC_SetPriority	16	static
../Core/Src/main.c:63:6:TIM1_UP_TIM10_IRQHandler	4	static
../Core/Src/main.c:100:5:main	16	static
../Core/Src/main.c:188:6:SystemClock_Config	88	static
../Core/Src/main.c:230:6:Timer1_Init_1ms_IT	8	static
../Core/Src/main.c:258:6:USART2_Init	4	static
../Core/Src/main.c:283:6:UART_Yaz	16	static
../Core/Src/main.c:290:6:UART_Oku	4	static
../Core/Src/main.c:298:6:UART_Print	16	static
../Core/Src/main.c:305:6:GPIO_Init_PD12	4	static
../Core/Src/main.c:323:6:ADC_MultiChannel_DMA_Init	24	static
../Core/Src/main.c:371:6:Timer4_PWM_PD13_Init_1KHz	4	static
../Core/Src/main.c:398:6:Set_PWM_Yuzdelik	16	static
../Core/Src/main.c:405:6:IWDG_Init_200ms	4	static
../Core/Src/main.c:421:6:IWDG_Sifirla	4	static
../Core/Src/main.c:431:6:Error_Handler	8	static,ignoring_inline_asm
